\BOOKMARK [1][-]{section.1}{\376\377\000I\000n\000t\000r\000o\000d\000u\000c\000c\000i\000\363\000n\000\040\000y\000\040\000C\000o\000n\000t\000e\000x\000t\000u\000a\000l\000i\000z\000a\000c\000i\000\363\000n}{}% 1
\BOOKMARK [2][-]{subsection.1.1}{\376\377\000T\000\355\000t\000u\000l\000o\000\040\000d\000e\000l\000\040\000p\000r\000o\000y\000e\000c\000t\000o}{section.1}% 2
\BOOKMARK [2][-]{subsection.1.2}{\376\377\000J\000u\000s\000t\000i\000f\000i\000c\000a\000c\000i\000\363\000n}{section.1}% 3
\BOOKMARK [2][-]{subsection.1.3}{\376\377\000O\000b\000j\000e\000t\000i\000v\000o\000s\000\040\000g\000e\000n\000e\000r\000a\000l\000e\000s}{section.1}% 4
\BOOKMARK [3][-]{subsubsection.1.3.1}{\376\377\000R\000e\000s\000u\000m\000e\000n}{subsection.1.3}% 5
\BOOKMARK [2][-]{subsection.1.4}{\376\377\000I\000d\000e\000n\000t\000i\000f\000i\000c\000a\000c\000i\000\363\000n\000\040\000d\000e\000\040\000n\000e\000c\000e\000s\000i\000d\000a\000d\000e\000s}{section.1}% 6
\BOOKMARK [2][-]{subsection.1.5}{\376\377\000C\000o\000n\000o\000c\000i\000m\000i\000e\000n\000t\000o\000\040\000d\000e\000l\000\040\000S\000e\000c\000t\000o\000r\000:}{section.1}% 7
\BOOKMARK [3][-]{subsubsection.1.5.1}{\376\377\000I\000n\000d\000r\000a}{subsection.1.5}% 8
\BOOKMARK [3][-]{subsubsection.1.5.2}{\376\377\000A\000c\000c\000e\000n\000t\000u\000r\000e\000\040\000E\000s\000p\000a\000\361\000a}{subsection.1.5}% 9
\BOOKMARK [3][-]{subsubsection.1.5.3}{\376\377\000H\000i\000b\000e\000r\000u\000s}{subsection.1.5}% 10
\BOOKMARK [3][-]{subsubsection.1.5.4}{\376\377\000C\000o\000m\000p\000a\000r\000a\000t\000i\000v\000a}{subsection.1.5}% 11
\BOOKMARK [1][-]{section.2}{\376\377\000A\000n\000\341\000l\000i\000s\000i\000s\000\040\000t\000\351\000c\000n\000i\000c\000o\000\040\000y\000\040\000d\000i\000s\000e\000\361\000o\000\040\000d\000e\000\040\000l\000a\000\040\000s\000o\000l\000u\000c\000i\000\363\000n}{}% 12
\BOOKMARK [2][-]{subsection.2.1}{\376\377\000R\000e\000q\000u\000e\000r\000i\000m\000i\000e\000n\000t\000o\000s\000\040\000d\000e\000l\000\040\000s\000i\000s\000t\000e\000m\000a\000:}{section.2}% 13
\BOOKMARK [3][-]{subsubsection.2.1.1}{\376\377\000P\000\341\000g\000i\000n\000a\000\040\000d\000e\000\040\000i\000n\000i\000c\000i\000o}{subsection.2.1}% 14
\BOOKMARK [3][-]{subsubsection.2.1.2}{\376\377\000S\000o\000b\000r\000e\000\040\000n\000o\000s\000o\000t\000r\000o\000s}{subsection.2.1}% 15
\BOOKMARK [3][-]{subsubsection.2.1.3}{\376\377\000C\000o\000n\000t\000a\000c\000t\000o}{subsection.2.1}% 16
\BOOKMARK [3][-]{subsubsection.2.1.4}{\376\377\000P\000a\000t\000r\000o\000c\000i\000n\000a\000d\000o\000r\000e\000s}{subsection.2.1}% 17
\BOOKMARK [2][-]{subsection.2.2}{\376\377\000D\000i\000s\000e\000\361\000o\000\040\000d\000e\000\040\000l\000a\000\040\000i\000n\000f\000r\000e\000s\000t\000r\000u\000c\000t\000u\000r\000a\000\040\000d\000e\000\040\000r\000e\000d}{section.2}% 18
\BOOKMARK [3][-]{subsubsection.2.2.1}{\376\377\000D\000H\000C\000P}{subsection.2.2}% 19
\BOOKMARK [3][-]{subsubsection.2.2.2}{\376\377\000D\000N\000S}{subsection.2.2}% 20
\BOOKMARK [3][-]{subsubsection.2.2.3}{\376\377\000D\000i\000a\000g\000r\000a\000m\000a}{subsection.2.2}% 21
\BOOKMARK [2][-]{subsection.2.3}{\376\377\000E\000s\000t\000u\000d\000i\000o\000\040\000d\000e\000\040\000v\000i\000a\000b\000i\000l\000i\000d\000a\000d\000\040\000y\000\040\000p\000r\000o\000v\000e\000e\000d\000o\000r\000e\000s}{section.2}% 22
\BOOKMARK [3][-]{subsubsection.2.3.1}{\376\377\000D\000a\000t\000o\000s\000\040\000d\000e\000\040\000e\000m\000p\000r\000e\000s\000a\000s}{subsection.2.3}% 23
\BOOKMARK [3][-]{subsubsection.2.3.2}{\376\377\000S\000o\000l\000u\000c\000i\000\363\000n\000\040\000p\000o\000r\000\040\000d\000e\000s\000c\000a\000r\000t\000e}{subsection.2.3}% 24
\BOOKMARK [3][-]{subsubsection.2.3.3}{\376\377\000C\000o\000n\000c\000l\000u\000s\000i\000o\000n\000e\000s}{subsection.2.3}% 25
\BOOKMARK [1][-]{section.3}{\376\377\000P\000l\000a\000n\000i\000f\000i\000c\000a\000c\000i\000\363\000n\000\040\000y\000\040\000g\000e\000s\000t\000i\000\363\000n\000\040\000d\000e\000l\000\040\000p\000r\000o\000y\000e\000c\000t\000o}{}% 26
\BOOKMARK [2][-]{subsection.3.1}{\376\377\000M\000e\000t\000o\000d\000o\000l\000o\000g\000\355\000a\000\040\000d\000e\000\040\000t\000r\000a\000b\000a\000j\000o\000:}{section.3}% 27
\BOOKMARK [3][-]{subsubsection.3.1.1}{\376\377\000C\000r\000o\000n\000o\000g\000r\000a\000m\000a\000\040\000d\000e\000\040\000e\000j\000e\000c\000u\000c\000i\000\363\000n\000:}{subsection.3.1}% 28
\BOOKMARK [2][-]{subsection.3.2}{\376\377\000R\000e\000c\000u\000r\000s\000o\000s\000\040\000n\000e\000c\000e\000s\000a\000r\000i\000o\000s}{section.3}% 29
\BOOKMARK [1][-]{section.4}{\376\377\000I\000m\000p\000l\000e\000m\000e\000n\000t\000a\000c\000i\000\363\000n\000\040\000y\000\040\000d\000e\000s\000a\000r\000r\000o\000l\000l\000o\000\040\000\050\000e\000l\000\040\000n\000\372\000c\000l\000e\000o\000\040\000t\000\351\000c\000n\000i\000c\000o\000\051}{}% 30
\BOOKMARK [2][-]{subsection.4.1}{\376\377\000C\000o\000n\000f\000i\000g\000u\000r\000a\000c\000i\000\363\000n\000\040\000d\000e\000\040\000s\000e\000r\000v\000i\000c\000i\000o\000s\000\040\000d\000e\000\040\000r\000e\000d\000:}{section.4}% 31
\BOOKMARK [3][-]{subsubsection.4.1.1}{\376\377\000P\000r\000o\000t\000o\000t\000i\000p\000a\000d\000o\000\040\000p\000r\000e\000v\000i\000o\000:}{subsection.4.1}% 32
\BOOKMARK [2][-]{subsection.4.2}{\376\377\000D\000e\000s\000a\000r\000r\000o\000l\000l\000o\000\040\000f\000r\000o\000n\000t\000e\000n\000d}{section.4}% 33
\BOOKMARK [2][-]{subsection.4.3}{\376\377\000I\000n\000t\000e\000g\000r\000a\000c\000i\000\363\000n\000\040\000d\000e\000\040\000e\000l\000e\000m\000e\000n\000t\000o\000s\000\040\000e\000x\000t\000e\000r\000n\000o\000s}{section.4}% 34
\BOOKMARK [1][-]{section.5}{\376\377\000P\000r\000u\000e\000b\000a\000s\000,\000\040\000v\000e\000r\000i\000f\000i\000c\000a\000c\000i\000\363\000n\000\040\000y\000\040\000m\000a\000n\000t\000e\000n\000i\000m\000i\000e\000n\000t\000o}{}% 35
\BOOKMARK [2][-]{subsection.5.1}{\376\377\000P\000r\000o\000t\000o\000c\000o\000l\000o\000s\000\040\000d\000e\000\040\000p\000r\000u\000e\000b\000a\000s}{section.5}% 36
\BOOKMARK [2][-]{subsection.5.2}{\376\377\000G\000e\000s\000t\000i\000\363\000n\000\040\000d\000e\000\040\000i\000n\000c\000i\000d\000e\000n\000c\000i\000a\000s}{section.5}% 37
\BOOKMARK [1][-]{section.6}{\376\377\000A\000n\000\341\000l\000i\000s\000i\000s\000\040\000d\000e\000\040\000s\000o\000s\000t\000e\000n\000i\000b\000i\000l\000i\000d\000a\000d\000\040\000y\000\040\000d\000i\000g\000i\000t\000a\000l\000i\000z\000a\000c\000i\000\363\000n}{}% 38
\BOOKMARK [2][-]{subsection.6.1}{\376\377\000A\000s\000p\000e\000c\000t\000o\000s\000\040\000d\000e\000\040\000s\000o\000s\000t\000e\000n\000i\000b\000i\000l\000i\000d\000a\000d}{section.6}% 39
\BOOKMARK [2][-]{subsection.6.2}{\376\377\000\311\000t\000i\000c\000a\000\040\000y\000\040\000p\000r\000o\000t\000e\000c\000c\000i\000\363\000n\000\040\000d\000e\000\040\000d\000a\000t\000o\000s}{section.6}% 40
\BOOKMARK [1][-]{section.7}{\376\377\000C\000o\000n\000c\000l\000u\000s\000i\000o\000n\000e\000s\000\040\000y\000\040\000v\000a\000l\000o\000r\000a\000c\000i\000\363\000n\000\040\000p\000e\000r\000s\000o\000n\000a\000l}{}% 41
\BOOKMARK [2][-]{subsection.7.1}{\376\377\000A\000n\000\341\000l\000i\000s\000i\000s\000\040\000d\000e\000l\000\040\000s\000e\000c\000t\000o\000r}{section.7}% 42
\BOOKMARK [2][-]{subsection.7.2}{\376\377\000V\000a\000l\000o\000r\000a\000c\000i\000\363\000n\000\040\000d\000e\000l\000\040\000e\000q\000u\000i\000p\000o}{section.7}% 43
\BOOKMARK [2][-]{subsection.7.3}{\376\377\000C\000o\000m\000p\000e\000t\000e\000n\000c\000i\000a\000s\000\040\000a\000d\000q\000u\000i\000r\000i\000d\000a\000s}{section.7}% 44
\BOOKMARK [2][-]{subsection.7.4}{\376\377\000P\000r\000o\000p\000u\000e\000s\000t\000a\000s\000\040\000d\000e\000\040\000m\000e\000j\000o\000r\000a}{section.7}% 45
\BOOKMARK [2][-]{subsection.7.5}{\376\377\000L\000\355\000n\000e\000a\000s\000\040\000f\000u\000t\000u\000r\000a\000s\000\040\000d\000e\000\040\000d\000e\000s\000a\000r\000r\000o\000l\000l\000o}{section.7}% 46
\BOOKMARK [1][-]{section.8}{\376\377\000B\000i\000b\000l\000i\000o\000g\000r\000a\000f\000\355\000a}{}% 47
\BOOKMARK [2][-]{subsection.8.1}{\376\377\000N\000o\000r\000m\000a\000s\000\040\000d\000e\000\040\000c\000i\000t\000a\000c\000i\000\363\000n}{section.8}% 48
\BOOKMARK [2][-]{subsection.8.2}{\376\377\000F\000u\000e\000n\000t\000e\000s\000\040\000b\000i\000b\000l\000i\000o\000g\000r\000\341\000f\000i\000c\000a\000s}{section.8}% 49
\BOOKMARK [2][-]{subsection.8.3}{\376\377\000F\000u\000e\000n\000t\000e\000s\000\040\000w\000e\000b}{section.8}% 50
\BOOKMARK [2][-]{subsection.8.4}{\376\377\000D\000o\000c\000u\000m\000e\000n\000t\000a\000c\000i\000\363\000n\000\040\000t\000\351\000c\000n\000i\000c\000a\000\040\000c\000o\000n\000s\000u\000l\000t\000a\000d\000a}{section.8}% 51
\BOOKMARK [1][-]{section.9}{\376\377\000A\000n\000e\000x\000o\000s}{}% 52
\BOOKMARK [2][-]{subsection.9.1}{\376\377\000P\000l\000a\000n\000o\000s\000,\000\040\000d\000i\000a\000g\000r\000a\000m\000a\000s\000\040\000y\000\040\000e\000s\000q\000u\000e\000m\000a\000s}{section.9}% 53
\BOOKMARK [2][-]{subsection.9.2}{\376\377\000C\000\363\000d\000i\000g\000o\000\040\000f\000u\000e\000n\000t\000e\000\040\000\050\000s\000i\000\040\000a\000p\000l\000i\000c\000a\000\051}{section.9}% 54
\BOOKMARK [2][-]{subsection.9.3}{\376\377\000P\000r\000e\000s\000u\000p\000u\000e\000s\000t\000o\000s\000\040\000d\000e\000t\000a\000l\000l\000a\000d\000o\000s}{section.9}% 55
\BOOKMARK [2][-]{subsection.9.4}{\376\377\000D\000o\000c\000u\000m\000e\000n\000t\000a\000c\000i\000\363\000n\000\040\000t\000\351\000c\000n\000i\000c\000a\000\040\000a\000m\000p\000l\000i\000a\000d\000a}{section.9}% 56
\BOOKMARK [3][-]{subsubsection.9.4.1}{\376\377\000H\000T\000M\000L\000:\000\040\000E\000l\000\040\000l\000e\000n\000g\000u\000a\000j\000e\000\040\000f\000u\000n\000d\000a\000m\000e\000n\000t\000a\000l\000\040\000d\000e\000\040\000l\000a\000\040\000w\000e\000b}{subsection.9.4}% 57
\BOOKMARK [3][-]{subsubsection.9.4.2}{\376\377\000C\000S\000S\000:\000\040\000S\000e\000p\000a\000r\000a\000n\000d\000o\000\040\000c\000o\000n\000t\000e\000n\000i\000d\000o\000\040\000y\000\040\000p\000r\000e\000s\000e\000n\000t\000a\000c\000i\000\363\000n}{subsection.9.4}% 58
\BOOKMARK [3][-]{subsubsection.9.4.3}{\376\377\000J\000a\000v\000a\000S\000c\000r\000i\000p\000t\000:\000\040\000A\000\361\000a\000d\000i\000e\000n\000d\000o\000\040\000i\000n\000t\000e\000r\000a\000c\000t\000i\000v\000i\000d\000a\000d\000\040\000e\000\040\000i\000n\000t\000e\000l\000i\000g\000e\000n\000c\000i\000a\000\040\000a\000\040\000l\000a\000\040\000w\000e\000b}{subsection.9.4}% 59
\BOOKMARK [2][-]{subsection.9.5}{\376\377\000C\000a\000p\000t\000u\000r\000a\000s\000\040\000d\000e\000\040\000p\000r\000u\000e\000b\000a\000s\000\040\000y\000\040\000v\000a\000l\000i\000d\000a\000c\000i\000o\000n\000e\000s}{section.9}% 60
\BOOKMARK [3][-]{subsubsection.9.5.1}{\376\377\000P\000r\000u\000e\000b\000a\000s\000\040\000d\000e\000\040\000r\000e\000n\000d\000i\000m\000i\000e\000n\000t\000o}{subsection.9.5}% 61
\BOOKMARK [2][-]{subsection.9.6}{\376\377\000A\000c\000t\000a\000s\000\040\000d\000e\000\040\000r\000e\000u\000n\000i\000o\000n\000e\000s}{section.9}% 62
\BOOKMARK [2][-]{subsection.9.7}{\376\377\000M\000a\000t\000e\000r\000i\000a\000l\000\040\000d\000e\000\040\000l\000a\000\040\000p\000r\000e\000s\000e\000n\000t\000a\000c\000i\000\363\000n\000\040\000f\000i\000n\000a\000l}{section.9}% 63
\BOOKMARK [3][-]{subsubsection.9.7.1}{\376\377\000P\000o\000r\000\040\000q\000u\000\351\000\040\000e\000l\000\040\000n\000o\000m\000b\000r\000e\000\040\000d\000e\000\040\000O\000p\000a\000l\000o\000\040\000E\000-\000L\000e\000a\000r\000n\000i\000n\000g}{subsection.9.7}% 64
\BOOKMARK [3][-]{subsubsection.9.7.2}{\376\377\000P\000o\000r\000\040\000q\000u\000\351\000\040\000u\000s\000a\000m\000o\000s\000\040\000G\000i\000t\000h\000u\000b\000\040\000y\000\040\000N\000e\000t\000l\000i\000f\000y}{subsection.9.7}% 65
\BOOKMARK [1][-]{section.10}{\376\377\000C\000o\000n\000c\000l\000u\000s\000i\000o\000n\000e\000s}{}% 66
